[0.005s][info][gc] Using Concurrent Mark Sweep
[0.103s][info][gc] GC(0) Pause Young (Allocation Failure) 68M->27M(247M) 6.493ms
[0.123s][info][gc] GC(1) Pause Young (Allocation Failure) 95M->51M(247M) 5.736ms
[0.142s][info][gc] GC(2) Pause Young (Allocation Failure) 120M->79M(247M) 8.597ms
[0.161s][info][gc] GC(3) Pause Young (Allocation Failure) 148M->105M(247M) 7.794ms
[0.162s][info][gc] GC(4) Pause Initial Mark 105M->105M(247M) 0.564ms
[0.162s][info][gc] GC(4) Concurrent Mark
[0.163s][info][gc] GC(4) Concurrent Mark 1.038ms
[0.163s][info][gc] GC(4) Concurrent Preclean
[0.163s][info][gc] GC(4) Concurrent Preclean 0.238ms
[0.163s][info][gc] GC(4) Concurrent Abortable Preclean
[0.180s][info][gc] GC(5) Pause Young (Allocation Failure) 173M->130M(247M) 7.700ms
[0.200s][info][gc] GC(6) Pause Young (Allocation Failure) 198M->152M(247M) 7.513ms
[0.210s][info][gc] GC(4) Concurrent Abortable Preclean 47.127ms
[0.237s][info][gc] GC(8) Pause Full (Allocation Failure) 220M->145M(247M) 26.887ms
[0.237s][info][gc] GC(7) Pause Young (Allocation Failure) 220M->145M(247M) 27.034ms
[0.255s][info][gc] GC(9) Pause Young (Allocation Failure) 214M->169M(247M) 5.712ms
[0.255s][info][gc] GC(10) Pause Initial Mark 169M->169M(247M) 0.042ms
[0.255s][info][gc] GC(10) Concurrent Mark
[0.256s][info][gc] GC(10) Concurrent Mark 1.014ms
[0.256s][info][gc] GC(10) Concurrent Preclean
[0.256s][info][gc] GC(10) Concurrent Preclean 0.215ms
[0.256s][info][gc] GC(10) Concurrent Abortable Preclean
[0.256s][info][gc] GC(10) Concurrent Abortable Preclean 0.008ms
[0.257s][info][gc] GC(10) Pause Remark 178M->178M(247M) 0.595ms
[0.257s][info][gc] GC(10) Concurrent Sweep
[0.258s][info][gc] GC(10) Concurrent Sweep 0.346ms
[0.258s][info][gc] GC(10) Concurrent Reset
[0.258s][info][gc] GC(10) Concurrent Reset 0.201ms
[0.274s][info][gc] GC(11) Pause Young (Allocation Failure) 222M->176M(247M) 6.419ms
[0.274s][info][gc] GC(12) Pause Initial Mark 176M->176M(247M) 0.040ms
[0.274s][info][gc] GC(12) Concurrent Mark
[0.275s][info][gc] GC(12) Concurrent Mark 1.039ms
[0.275s][info][gc] GC(12) Concurrent Preclean
[0.275s][info][gc] GC(12) Concurrent Preclean 0.220ms
[0.275s][info][gc] GC(12) Concurrent Abortable Preclean
[0.275s][info][gc] GC(12) Concurrent Abortable Preclean 0.008ms
[0.276s][info][gc] GC(12) Pause Remark 183M->183M(247M) 0.614ms
[0.276s][info][gc] GC(12) Concurrent Sweep
[0.276s][info][gc] GC(12) Concurrent Sweep 0.338ms
[0.276s][info][gc] GC(12) Concurrent Reset
[0.277s][info][gc] GC(12) Concurrent Reset 0.191ms
[0.317s][info][gc] GC(14) Pause Full (Allocation Failure) 234M->177M(247M) 31.331ms
[0.317s][info][gc] GC(13) Pause Young (Allocation Failure) 234M->177M(247M) 31.430ms
[0.317s][info][gc] GC(15) Pause Initial Mark 178M->178M(247M) 0.048ms
[0.317s][info][gc] GC(15) Concurrent Mark
[0.318s][info][gc] GC(15) Concurrent Mark 1.152ms
[0.318s][info][gc] GC(15) Concurrent Preclean
[0.319s][info][gc] GC(15) Concurrent Preclean 0.861ms
[0.319s][info][gc] GC(15) Concurrent Abortable Preclean
[0.319s][info][gc] GC(15) Concurrent Abortable Preclean 0.006ms
[0.320s][info][gc] GC(15) Pause Remark 192M->192M(247M) 0.609ms
[0.320s][info][gc] GC(15) Concurrent Sweep
[0.320s][info][gc] GC(15) Concurrent Sweep 0.272ms
[0.320s][info][gc] GC(15) Concurrent Reset
[0.320s][info][gc] GC(15) Concurrent Reset 0.214ms
[0.362s][info][gc] GC(17) Pause Full (Allocation Failure) 246M->194M(247M) 33.655ms
[0.362s][info][gc] GC(16) Pause Young (Allocation Failure) 246M->194M(247M) 33.773ms
[0.362s][info][gc] GC(18) Pause Initial Mark 194M->194M(247M) 0.054ms
[0.362s][info][gc] GC(18) Concurrent Mark
[0.363s][info][gc] GC(18) Concurrent Mark 1.017ms
[0.363s][info][gc] GC(18) Concurrent Preclean
[0.364s][info][gc] GC(18) Concurrent Preclean 0.881ms
[0.364s][info][gc] GC(18) Concurrent Abortable Preclean
[0.364s][info][gc] GC(18) Concurrent Abortable Preclean 0.006ms
[0.365s][info][gc] GC(18) Pause Remark 205M->205M(247M) 0.599ms
[0.365s][info][gc] GC(18) Concurrent Sweep
[0.365s][info][gc] GC(18) Concurrent Sweep 0.289ms
[0.365s][info][gc] GC(18) Concurrent Reset
[0.366s][info][gc] GC(18) Concurrent Reset 0.209ms
[0.408s][info][gc] GC(20) Pause Full (Allocation Failure) 246M->209M(247M) 35.594ms
[0.408s][info][gc] GC(19) Pause Young (Allocation Failure) 246M->209M(247M) 35.719ms
[0.408s][info][gc] GC(21) Pause Initial Mark 209M->209M(247M) 0.066ms
[0.408s][info][gc] GC(21) Concurrent Mark
[0.409s][info][gc] GC(21) Concurrent Mark 1.010ms
[0.409s][info][gc] GC(21) Concurrent Preclean
[0.410s][info][gc] GC(21) Concurrent Preclean 0.911ms
[0.410s][info][gc] GC(21) Concurrent Abortable Preclean
[0.410s][info][gc] GC(21) Concurrent Abortable Preclean 0.006ms
[0.411s][info][gc] GC(21) Pause Remark 219M->219M(247M) 0.612ms
[0.411s][info][gc] GC(21) Concurrent Sweep
[0.411s][info][gc] GC(21) Concurrent Sweep 0.260ms
[0.411s][info][gc] GC(21) Concurrent Reset
[0.411s][info][gc] GC(21) Concurrent Reset 0.207ms
[0.450s][info][gc] GC(23) Pause Full (Allocation Failure) 244M->215M(247M) 34.773ms
[0.450s][info][gc] GC(22) Pause Young (Allocation Failure) 244M->215M(247M) 34.874ms
[0.450s][info][gc] GC(24) Pause Initial Mark 215M->215M(247M) 0.069ms
[0.450s][info][gc] GC(24) Concurrent Mark
[0.451s][info][gc] GC(24) Concurrent Mark 1.098ms
[0.451s][info][gc] GC(24) Concurrent Preclean
[0.452s][info][gc] GC(24) Concurrent Preclean 0.864ms
[0.452s][info][gc] GC(24) Concurrent Abortable Preclean
[0.452s][info][gc] GC(24) Concurrent Abortable Preclean 0.006ms
[0.453s][info][gc] GC(24) Pause Remark 228M->228M(247M) 0.610ms
[0.453s][info][gc] GC(24) Concurrent Sweep
[0.453s][info][gc] GC(24) Concurrent Sweep 0.272ms
[0.453s][info][gc] GC(24) Concurrent Reset
[0.453s][info][gc] GC(24) Concurrent Reset 0.208ms
[0.492s][info][gc] GC(26) Pause Full (Allocation Failure) 245M->219M(247M) 36.037ms
[0.492s][info][gc] GC(25) Pause Young (Allocation Failure) 245M->219M(247M) 36.152ms
[0.492s][info][gc] GC(27) Pause Initial Mark 219M->219M(247M) 0.064ms
[0.492s][info][gc] GC(27) Concurrent Mark
[0.493s][info][gc] GC(27) Concurrent Mark 0.996ms
[0.493s][info][gc] GC(27) Concurrent Preclean
[0.494s][info][gc] GC(27) Concurrent Preclean 0.849ms
[0.494s][info][gc] GC(27) Concurrent Abortable Preclean
[0.494s][info][gc] GC(27) Concurrent Abortable Preclean 0.006ms
[0.495s][info][gc] GC(27) Pause Remark 231M->231M(247M) 0.625ms
[0.495s][info][gc] GC(27) Concurrent Sweep
[0.495s][info][gc] GC(27) Concurrent Sweep 0.291ms
[0.495s][info][gc] GC(27) Concurrent Reset
[0.495s][info][gc] GC(27) Concurrent Reset 0.207ms
[0.534s][info][gc] GC(29) Pause Full (Allocation Failure) 245M->224M(247M) 36.404ms
[0.534s][info][gc] GC(28) Pause Young (Allocation Failure) 245M->224M(247M) 36.513ms
[0.534s][info][gc] GC(30) Pause Initial Mark 224M->224M(247M) 0.072ms
[0.534s][info][gc] GC(30) Concurrent Mark
[0.535s][info][gc] GC(30) Concurrent Mark 1.030ms
[0.535s][info][gc] GC(30) Concurrent Preclean
[0.536s][info][gc] GC(30) Concurrent Preclean 0.838ms
[0.536s][info][gc] GC(30) Concurrent Abortable Preclean
[0.536s][info][gc] GC(30) Concurrent Abortable Preclean 0.005ms
[0.537s][info][gc] GC(30) Pause Remark 235M->235M(247M) 0.622ms
[0.537s][info][gc] GC(30) Concurrent Sweep
[0.537s][info][gc] GC(30) Concurrent Sweep 0.272ms
[0.537s][info][gc] GC(30) Concurrent Reset
[0.537s][info][gc] GC(30) Concurrent Reset 0.204ms
[0.575s][info][gc] GC(32) Pause Full (Allocation Failure) 246M->226M(247M) 36.048ms
[0.575s][info][gc] GC(31) Pause Young (Allocation Failure) 246M->226M(247M) 36.140ms
[0.575s][info][gc] GC(33) Pause Initial Mark 226M->226M(247M) 0.076ms
[0.575s][info][gc] GC(33) Concurrent Mark
[0.576s][info][gc] GC(33) Concurrent Mark 1.030ms
[0.576s][info][gc] GC(33) Concurrent Preclean
[0.577s][info][gc] GC(33) Concurrent Preclean 0.858ms
[0.577s][info][gc] GC(33) Concurrent Abortable Preclean
[0.577s][info][gc] GC(33) Concurrent Abortable Preclean 0.006ms
[0.578s][info][gc] GC(33) Pause Remark 240M->240M(247M) 0.616ms
[0.578s][info][gc] GC(33) Concurrent Sweep
[0.578s][info][gc] GC(33) Concurrent Sweep 0.279ms
[0.578s][info][gc] GC(33) Concurrent Reset
[0.579s][info][gc] GC(33) Concurrent Reset 0.207ms
[0.614s][info][gc] GC(35) Pause Full (Allocation Failure) 246M->231M(247M) 34.159ms
[0.614s][info][gc] GC(34) Pause Young (Allocation Failure) 246M->231M(247M) 34.273ms
[0.614s][info][gc] GC(36) Pause Initial Mark 231M->231M(247M) 0.073ms
[0.614s][info][gc] GC(36) Concurrent Mark
[0.615s][info][gc] GC(36) Concurrent Mark 1.066ms
[0.615s][info][gc] GC(36) Concurrent Preclean
[0.616s][info][gc] GC(36) Concurrent Preclean 0.827ms
[0.616s][info][gc] GC(36) Concurrent Abortable Preclean
[0.616s][info][gc] GC(36) Concurrent Abortable Preclean 0.022ms
[0.616s][info][gc] GC(36) Pause Remark 244M->244M(247M) 0.637ms
[0.617s][info][gc] GC(36) Concurrent Sweep
[0.617s][info][gc] GC(36) Concurrent Sweep 0.282ms
[0.617s][info][gc] GC(36) Concurrent Reset
[0.617s][info][gc] GC(36) Concurrent Reset 0.285ms
[0.652s][info][gc] GC(38) Pause Full (Allocation Failure) 245M->234M(247M) 35.361ms
[0.652s][info][gc] GC(37) Pause Young (Allocation Failure) 245M->234M(247M) 35.435ms
[0.690s][info][gc] GC(39) Pause Full (Allocation Failure) 246M->235M(247M) 34.983ms
[0.690s][info][gc] GC(40) Pause Initial Mark 236M->236M(247M) 0.077ms
[0.690s][info][gc] GC(40) Concurrent Mark
[0.691s][info][gc] GC(40) Concurrent Mark 1.025ms
[0.691s][info][gc] GC(40) Concurrent Preclean
[0.692s][info][gc] GC(40) Concurrent Preclean 0.791ms
[0.692s][info][gc] GC(40) Concurrent Abortable Preclean
[0.692s][info][gc] GC(40) Concurrent Abortable Preclean 0.005ms
[0.693s][info][gc] GC(40) Pause Remark 244M->244M(247M) 0.615ms
[0.693s][info][gc] GC(40) Concurrent Sweep
[0.693s][info][gc] GC(40) Concurrent Sweep 0.243ms
[0.693s][info][gc] GC(40) Concurrent Reset
[0.693s][info][gc] GC(40) Concurrent Reset 0.277ms
[0.728s][info][gc] GC(42) Pause Full (Allocation Failure) 246M->237M(247M) 34.625ms
[0.728s][info][gc] GC(41) Pause Young (Allocation Failure) 246M->237M(247M) 34.695ms
[0.763s][info][gc] GC(43) Pause Full (Allocation Failure) 246M->238M(247M) 33.449ms
[0.763s][info][gc] GC(44) Pause Initial Mark 239M->239M(247M) 0.068ms
[0.763s][info][gc] GC(44) Concurrent Mark
[0.764s][info][gc] GC(44) Concurrent Mark 1.314ms
[0.764s][info][gc] GC(44) Concurrent Preclean
[0.765s][info][gc] GC(44) Concurrent Preclean 0.951ms
[0.799s][info][gc] GC(45) Pause Full (Allocation Failure) 246M->240M(247M) 34.743ms
[0.836s][info][gc] GC(46) Pause Full (Allocation Failure) 247M->242M(247M) 35.293ms
[0.836s][info][gc] GC(47) Pause Initial Mark 242M->242M(247M) 0.070ms
[0.836s][info][gc] GC(47) Concurrent Mark
[0.838s][info][gc] GC(47) Concurrent Mark 2.194ms
[0.870s][info][gc] GC(48) Pause Full (Allocation Failure) 246M->241M(247M) 33.344ms
[0.906s][info][gc] GC(49) Pause Full (Allocation Failure) 247M->241M(247M) 34.268ms
[0.906s][info][gc] GC(50) Pause Initial Mark 241M->241M(247M) 0.071ms
[0.906s][info][gc] GC(50) Concurrent Mark
[0.908s][info][gc] GC(50) Concurrent Mark 2.189ms
[0.943s][info][gc] GC(51) Pause Full (Allocation Failure) 247M->242M(247M) 35.582ms
[0.972s][info][gc] GC(52) Pause Full (Allocation Failure) 247M->242M(247M) 27.628ms
[0.972s][info][gc] GC(53) Pause Initial Mark 242M->242M(247M) 0.066ms
[0.972s][info][gc] GC(53) Concurrent Mark
[0.973s][info][gc] GC(53) Concurrent Mark 1.046ms
[0.973s][info][gc] GC(53) Concurrent Preclean
[0.974s][info][gc] GC(53) Concurrent Preclean 0.890ms
[1.008s][info][gc] GC(54) Pause Full (Allocation Failure) 247M->242M(247M) 34.859ms
[1.044s][info][gc] GC(55) Pause Full (Allocation Failure) 247M->243M(247M) 34.001ms
[1.044s][info][gc] GC(56) Pause Initial Mark 243M->243M(247M) 0.067ms
[1.044s][info][gc] GC(56) Concurrent Mark
[1.046s][info][gc] GC(56) Concurrent Mark 2.478ms
[1.072s][info][gc] GC(57) Pause Full (Allocation Failure) 247M->244M(247M) 27.654ms
