[0.005s][info][gc] Using Concurrent Mark Sweep
[0.088s][info][gc] GC(0) Pause Young (Allocation Failure) 34M->12M(123M) 4.407ms
[0.105s][info][gc] GC(1) Pause Young (Allocation Failure) 46M->24M(123M) 6.919ms
[0.116s][info][gc] GC(2) Pause Young (Allocation Failure) 58M->37M(123M) 4.418ms
[0.128s][info][gc] GC(3) Pause Young (Allocation Failure) 71M->50M(123M) 4.597ms
[0.128s][info][gc] GC(4) Pause Initial Mark 51M->51M(123M) 0.098ms
[0.128s][info][gc] GC(4) Concurrent Mark
[0.129s][info][gc] GC(4) Concurrent Mark 1.251ms
[0.129s][info][gc] GC(4) Concurrent Preclean
[0.129s][info][gc] GC(4) Concurrent Preclean 0.268ms
[0.129s][info][gc] GC(4) Concurrent Abortable Preclean
[0.138s][info][gc] GC(5) Pause Young (Allocation Failure) 84M->61M(123M) 4.243ms
[0.149s][info][gc] GC(6) Pause Young (Allocation Failure) 96M->76M(123M) 4.879ms
[0.154s][info][gc] GC(4) Concurrent Abortable Preclean 24.565ms
[0.171s][info][gc] GC(8) Pause Full (Allocation Failure) 110M->81M(123M) 16.554ms
[0.171s][info][gc] GC(7) Pause Young (Allocation Failure) 110M->81M(123M) 16.671ms
[0.191s][info][gc] GC(10) Pause Full (Allocation Failure) 115M->89M(123M) 14.841ms
[0.191s][info][gc] GC(9) Pause Young (Allocation Failure) 115M->89M(123M) 14.956ms
[0.191s][info][gc] GC(11) Pause Initial Mark 90M->90M(123M) 0.054ms
[0.191s][info][gc] GC(11) Concurrent Mark
[0.192s][info][gc] GC(11) Concurrent Mark 0.915ms
[0.192s][info][gc] GC(11) Concurrent Preclean
[0.193s][info][gc] GC(11) Concurrent Preclean 1.147ms
[0.193s][info][gc] GC(11) Concurrent Abortable Preclean
[0.193s][info][gc] GC(11) Concurrent Abortable Preclean 0.014ms
[0.194s][info][gc] GC(11) Pause Remark 102M->102M(123M) 0.680ms
[0.194s][info][gc] GC(11) Concurrent Sweep
[0.195s][info][gc] GC(11) Concurrent Sweep 0.481ms
[0.195s][info][gc] GC(11) Concurrent Reset
[0.195s][info][gc] GC(11) Concurrent Reset 0.176ms
[0.215s][info][gc] GC(13) Pause Full (Allocation Failure) 123M->101M(123M) 16.665ms
[0.215s][info][gc] GC(12) Pause Young (Allocation Failure) 123M->101M(123M) 16.764ms
[0.216s][info][gc] GC(14) Pause Initial Mark 101M->101M(123M) 0.088ms
[0.216s][info][gc] GC(14) Concurrent Mark
[0.216s][info][gc] GC(14) Concurrent Mark 0.916ms
[0.217s][info][gc] GC(14) Concurrent Preclean
[0.218s][info][gc] GC(14) Concurrent Preclean 1.211ms
[0.218s][info][gc] GC(14) Concurrent Abortable Preclean
[0.218s][info][gc] GC(14) Concurrent Abortable Preclean 0.009ms
[0.219s][info][gc] GC(14) Pause Remark 113M->113M(123M) 0.685ms
[0.219s][info][gc] GC(14) Concurrent Sweep
[0.219s][info][gc] GC(14) Concurrent Sweep 0.444ms
[0.219s][info][gc] GC(14) Concurrent Reset
[0.219s][info][gc] GC(14) Concurrent Reset 0.168ms
[0.236s][info][gc] GC(16) Pause Full (Allocation Failure) 122M->105M(123M) 15.270ms
[0.236s][info][gc] GC(15) Pause Young (Allocation Failure) 122M->105M(123M) 15.376ms
[0.236s][info][gc] GC(17) Pause Initial Mark 106M->106M(123M) 0.069ms
[0.237s][info][gc] GC(17) Concurrent Mark
[0.238s][info][gc] GC(17) Concurrent Mark 1.170ms
[0.238s][info][gc] GC(17) Concurrent Preclean
[0.238s][info][gc] GC(17) Concurrent Preclean 0.736ms
[0.238s][info][gc] GC(17) Concurrent Abortable Preclean
[0.238s][info][gc] GC(17) Concurrent Abortable Preclean 0.005ms
[0.239s][info][gc] GC(17) Pause Remark 114M->114M(123M) 0.737ms
[0.239s][info][gc] GC(17) Concurrent Sweep
[0.240s][info][gc] GC(17) Concurrent Sweep 0.248ms
[0.240s][info][gc] GC(17) Concurrent Reset
[0.240s][info][gc] GC(17) Concurrent Reset 0.129ms
[0.259s][info][gc] GC(19) Pause Full (Allocation Failure) 122M->110M(123M) 18.086ms
[0.259s][info][gc] GC(18) Pause Young (Allocation Failure) 122M->110M(123M) 18.172ms
[0.259s][info][gc] GC(20) Pause Initial Mark 111M->111M(123M) 0.058ms
[0.259s][info][gc] GC(20) Concurrent Mark
[0.260s][info][gc] GC(20) Concurrent Mark 1.071ms
[0.260s][info][gc] GC(20) Concurrent Preclean
[0.261s][info][gc] GC(20) Concurrent Preclean 0.752ms
[0.261s][info][gc] GC(20) Concurrent Abortable Preclean
[0.261s][info][gc] GC(20) Concurrent Abortable Preclean 0.008ms
[0.261s][info][gc] GC(20) Pause Remark 118M->118M(123M) 0.601ms
[0.261s][info][gc] GC(20) Concurrent Sweep
[0.262s][info][gc] GC(20) Concurrent Sweep 0.284ms
[0.262s][info][gc] GC(20) Concurrent Reset
[0.262s][info][gc] GC(20) Concurrent Reset 0.116ms
[0.279s][info][gc] GC(22) Pause Full (Allocation Failure) 123M->114M(123M) 16.680ms
[0.279s][info][gc] GC(21) Pause Young (Allocation Failure) 123M->114M(123M) 16.755ms
[0.279s][info][gc] GC(23) Pause Initial Mark 115M->115M(123M) 0.068ms
[0.280s][info][gc] GC(23) Concurrent Mark
[0.281s][info][gc] GC(23) Concurrent Mark 0.992ms
[0.281s][info][gc] GC(23) Concurrent Preclean
[0.281s][info][gc] GC(23) Concurrent Preclean 0.648ms
[0.281s][info][gc] GC(23) Concurrent Abortable Preclean
[0.281s][info][gc] GC(23) Concurrent Abortable Preclean 0.007ms
[0.282s][info][gc] GC(23) Pause Remark 121M->121M(123M) 0.680ms
[0.282s][info][gc] GC(23) Concurrent Sweep
[0.282s][info][gc] GC(23) Concurrent Sweep 0.304ms
[0.298s][info][gc] GC(24) Pause Full (Allocation Failure) 123M->115M(123M) 15.367ms
[0.317s][info][gc] GC(25) Pause Full (Allocation Failure) 123M->117M(123M) 17.797ms
[0.317s][info][gc] GC(26) Pause Initial Mark 117M->117M(123M) 0.062ms
[0.317s][info][gc] GC(26) Concurrent Mark
[0.318s][info][gc] GC(26) Concurrent Mark 1.032ms
[0.318s][info][gc] GC(26) Concurrent Preclean
[0.319s][info][gc] GC(26) Concurrent Preclean 0.793ms
[0.336s][info][gc] GC(27) Pause Full (Allocation Failure) 123M->119M(123M) 17.313ms
[0.354s][info][gc] GC(28) Pause Full (Allocation Failure) 123M->120M(123M) 17.519ms
[0.354s][info][gc] GC(29) Pause Initial Mark 121M->121M(123M) 0.063ms
[0.354s][info][gc] GC(29) Concurrent Mark
[0.356s][info][gc] GC(29) Concurrent Mark 2.163ms
[0.369s][info][gc] GC(30) Pause Full (Allocation Failure) 123M->122M(123M) 14.338ms
[0.380s][info][gc] GC(31) Pause Full (Allocation Failure) 123M->122M(123M) 10.393ms
[0.380s][info][gc] GC(32) Pause Initial Mark 122M->122M(123M) 0.064ms
[0.380s][info][gc] GC(32) Concurrent Mark
[0.382s][info][gc] GC(32) Concurrent Mark 2.038ms
[0.384s][info][gc] GC(33) Pause Full (Allocation Failure) 122M->122M(123M) 3.924ms
[0.387s][info][gc] GC(34) Pause Full (Allocation Failure) 123M->122M(123M) 1.906ms
[0.387s][info][gc] GC(35) Pause Initial Mark 123M->123M(123M) 0.049ms
[0.387s][info][gc] GC(35) Concurrent Mark
[0.389s][info][gc] GC(35) Concurrent Mark 1.936ms
[0.391s][info][gc] GC(36) Pause Full (Allocation Failure) 123M->123M(123M) 3.670ms
[0.403s][info][gc] GC(37) Pause Full (Allocation Failure) 123M->123M(123M) 11.987ms
