[0.005s][info][gc] Using Concurrent Mark Sweep
[0.130s][info][gc] GC(0) Pause Young (Allocation Failure) 136M->51M(494M) 13.542ms
[0.165s][info][gc] GC(1) Pause Young (Allocation Failure) 188M->99M(494M) 12.337ms
[0.203s][info][gc] GC(2) Pause Young (Allocation Failure) 235M->147M(494M) 15.438ms
[0.240s][info][gc] GC(3) Pause Young (Allocation Failure) 284M->195M(494M) 14.695ms
[0.241s][info][gc] GC(4) Pause Initial Mark 195M->195M(494M) 0.502ms
[0.241s][info][gc] GC(4) Concurrent Mark
[0.242s][info][gc] GC(4) Concurrent Mark 1.283ms
[0.242s][info][gc] GC(4) Concurrent Preclean
[0.243s][info][gc] GC(4) Concurrent Preclean 0.475ms
[0.243s][info][gc] GC(4) Concurrent Abortable Preclean
[0.279s][info][gc] GC(5) Pause Young (Allocation Failure) 332M->241M(494M) 14.556ms
[0.318s][info][gc] GC(6) Pause Young (Allocation Failure) 378M->286M(494M) 14.916ms
[0.357s][info][gc] GC(7) Pause Young (Allocation Failure) 423M->336M(494M) 16.064ms
[0.380s][info][gc] GC(4) Concurrent Abortable Preclean 137.451ms
[0.426s][info][gc] GC(9) Pause Full (Allocation Failure) 472M->253M(494M) 45.420ms
[0.426s][info][gc] GC(8) Pause Young (Allocation Failure) 472M->253M(494M) 45.536ms
[0.456s][info][gc] GC(10) Pause Young (Allocation Failure) 389M->298M(494M) 9.075ms
[0.456s][info][gc] GC(11) Pause Initial Mark 298M->298M(494M) 0.050ms
[0.457s][info][gc] GC(11) Concurrent Mark
[0.458s][info][gc] GC(11) Concurrent Mark 1.544ms
[0.458s][info][gc] GC(11) Concurrent Preclean
[0.459s][info][gc] GC(11) Concurrent Preclean 0.427ms
[0.459s][info][gc] GC(11) Concurrent Abortable Preclean
[0.492s][info][gc] GC(12) Pause Young (Allocation Failure) 434M->349M(494M) 14.225ms
[0.492s][info][gc] GC(11) Concurrent Abortable Preclean 33.282ms
[0.493s][info][gc] GC(11) Pause Remark 350M->350M(494M) 0.936ms
[0.493s][info][gc] GC(11) Concurrent Sweep
[0.493s][info][gc] GC(11) Concurrent Sweep 0.540ms
[0.494s][info][gc] GC(11) Concurrent Reset
[0.494s][info][gc] GC(11) Concurrent Reset 0.416ms
[0.564s][info][gc] GC(14) Pause Full (Allocation Failure) 451M->288M(494M) 49.409ms
[0.564s][info][gc] GC(13) Pause Young (Allocation Failure) 451M->288M(494M) 49.523ms
[0.564s][info][gc] GC(15) Pause Initial Mark 288M->288M(494M) 0.051ms
[0.564s][info][gc] GC(15) Concurrent Mark
[0.566s][info][gc] GC(15) Concurrent Mark 1.863ms
[0.566s][info][gc] GC(15) Concurrent Preclean
[0.566s][info][gc] GC(15) Concurrent Preclean 0.428ms
[0.566s][info][gc] GC(15) Concurrent Abortable Preclean
[0.597s][info][gc] GC(16) Pause Young (Allocation Failure) 424M->338M(494M) 10.138ms
[0.597s][info][gc] GC(15) Concurrent Abortable Preclean 31.066ms
[0.600s][info][gc] GC(15) Pause Remark 345M->345M(494M) 2.748ms
[0.600s][info][gc] GC(15) Concurrent Sweep
[0.601s][info][gc] GC(15) Concurrent Sweep 0.507ms
[0.601s][info][gc] GC(15) Concurrent Reset
[0.601s][info][gc] GC(15) Concurrent Reset 0.419ms
[0.675s][info][gc] GC(18) Pause Full (Allocation Failure) 474M->306M(494M) 52.747ms
[0.675s][info][gc] GC(17) Pause Young (Allocation Failure) 474M->306M(494M) 52.878ms
[0.675s][info][gc] GC(19) Pause Initial Mark 306M->306M(494M) 0.052ms
[0.675s][info][gc] GC(19) Concurrent Mark
[0.677s][info][gc] GC(19) Concurrent Mark 1.801ms
[0.677s][info][gc] GC(19) Concurrent Preclean
[0.677s][info][gc] GC(19) Concurrent Preclean 0.451ms
[0.677s][info][gc] GC(19) Concurrent Abortable Preclean
[0.709s][info][gc] GC(20) Pause Young (Allocation Failure) 442M->358M(494M) 11.475ms
[0.710s][info][gc] GC(19) Concurrent Abortable Preclean 32.424ms
[0.711s][info][gc] GC(19) Pause Remark 361M->361M(494M) 0.900ms
[0.711s][info][gc] GC(19) Concurrent Sweep
[0.711s][info][gc] GC(19) Concurrent Sweep 0.429ms
[0.711s][info][gc] GC(19) Concurrent Reset
[0.711s][info][gc] GC(19) Concurrent Reset 0.441ms
[0.786s][info][gc] GC(22) Pause Full (Allocation Failure) 494M->311M(494M) 53.786ms
[0.787s][info][gc] GC(21) Pause Young (Allocation Failure) 494M->311M(494M) 53.908ms
[0.787s][info][gc] GC(23) Pause Initial Mark 311M->311M(494M) 0.069ms
[0.787s][info][gc] GC(23) Concurrent Mark
[0.789s][info][gc] GC(23) Concurrent Mark 1.828ms
[0.789s][info][gc] GC(23) Concurrent Preclean
[0.789s][info][gc] GC(23) Concurrent Preclean 0.492ms
[0.789s][info][gc] GC(23) Concurrent Abortable Preclean
[0.811s][info][gc] GC(23) Concurrent Abortable Preclean 22.290ms
[0.866s][info][gc] GC(25) Pause Full (Allocation Failure) 447M->312M(494M) 54.273ms
[0.866s][info][gc] GC(24) Pause Young (Allocation Failure) 447M->312M(494M) 54.394ms
[0.944s][info][gc] GC(27) Pause Full (Allocation Failure) 448M->309M(494M) 54.087ms
[0.944s][info][gc] GC(26) Pause Young (Allocation Failure) 448M->309M(494M) 54.246ms
[0.944s][info][gc] GC(28) Pause Initial Mark 309M->309M(494M) 0.060ms
[0.944s][info][gc] GC(28) Concurrent Mark
[0.946s][info][gc] GC(28) Concurrent Mark 1.864ms
[0.946s][info][gc] GC(28) Concurrent Preclean
[0.946s][info][gc] GC(28) Concurrent Preclean 0.421ms
[0.946s][info][gc] GC(28) Concurrent Abortable Preclean
[0.976s][info][gc] GC(28) Concurrent Abortable Preclean 29.959ms
[1.031s][info][gc] GC(30) Pause Full (Allocation Failure) 494M->311M(494M) 54.691ms
[1.031s][info][gc] GC(29) Pause Young (Allocation Failure) 446M->311M(494M) 64.885ms
[1.107s][info][gc] GC(32) Pause Full (Allocation Failure) 448M->314M(494M) 53.945ms
[1.107s][info][gc] GC(31) Pause Young (Allocation Failure) 448M->314M(494M) 54.066ms
[1.107s][info][gc] GC(33) Pause Initial Mark 315M->315M(494M) 0.049ms
[1.107s][info][gc] GC(33) Concurrent Mark
[1.109s][info][gc] GC(33) Concurrent Mark 1.553ms
[1.109s][info][gc] GC(33) Concurrent Preclean
[1.109s][info][gc] GC(33) Concurrent Preclean 0.422ms
[1.109s][info][gc] GC(33) Concurrent Abortable Preclean
[1.133s][info][gc] GC(33) Concurrent Abortable Preclean 23.384ms
[1.136s][info][gc] GC(33) Pause Remark 321M->321M(494M) 3.033ms
[1.136s][info][gc] GC(33) Concurrent Sweep
[1.136s][info][gc] GC(33) Concurrent Sweep 0.426ms
[1.136s][info][gc] GC(33) Concurrent Reset
[1.137s][info][gc] GC(33) Concurrent Reset 0.441ms
