[0.006s][info][gc] Using G1
[0.094s][info][gc] GC(0) Pause Young (Normal) (G1 Evacuation Pause) 38M->14M(256M) 4.713ms
[0.103s][info][gc] GC(1) Pause Young (Normal) (G1 Evacuation Pause) 44M->24M(256M) 2.805ms
[0.125s][info][gc] GC(2) Pause Young (Normal) (G1 Evacuation Pause) 96M->56M(256M) 7.410ms
[0.147s][info][gc] GC(3) Pause Young (Normal) (G1 Evacuation Pause) 135M->88M(256M) 7.382ms
[0.175s][info][gc] GC(4) Pause Young (Normal) (G1 Evacuation Pause) 180M->129M(256M) 9.275ms
[0.176s][info][gc] GC(5) Pause Young (Concurrent Start) (G1 Humongous Allocation) 130M->129M(256M) 1.447ms
[0.176s][info][gc] GC(6) Concurrent Cycle
[0.179s][info][gc] GC(6) Pause Remark 145M->145M(256M) 0.573ms
[0.180s][info][gc] GC(6) Pause Cleanup 149M->149M(256M) 0.067ms
[0.181s][info][gc] GC(6) Concurrent Cycle 4.862ms
[0.184s][info][gc] GC(7) Pause Young (Concurrent Start) (G1 Humongous Allocation) 154M->142M(256M) 2.324ms
[0.184s][info][gc] GC(8) Concurrent Cycle
[0.186s][info][gc] GC(8) Pause Remark 148M->148M(256M) 0.466ms
[0.187s][info][gc] GC(8) Pause Cleanup 150M->150M(256M) 0.058ms
[0.187s][info][gc] GC(8) Concurrent Cycle 3.054ms
[0.202s][info][gc] GC(9) Pause Young (Prepare Mixed) (G1 Evacuation Pause) 194M->156M(256M) 3.640ms
[0.205s][info][gc] GC(10) Pause Young (Mixed) (G1 Evacuation Pause) 167M->157M(256M) 1.469ms
[0.206s][info][gc] GC(11) Pause Young (Concurrent Start) (G1 Humongous Allocation) 159M->158M(256M) 0.547ms
[0.206s][info][gc] GC(12) Concurrent Cycle
[0.208s][info][gc] GC(12) Pause Remark 167M->167M(256M) 0.465ms
[0.209s][info][gc] GC(12) Pause Cleanup 169M->169M(256M) 0.080ms
[0.209s][info][gc] GC(12) Concurrent Cycle 3.060ms
[0.220s][info][gc] GC(13) Pause Young (Prepare Mixed) (G1 Evacuation Pause) 203M->173M(256M) 3.264ms
[0.224s][info][gc] GC(14) Pause Young (Mixed) (G1 Evacuation Pause) 184M->173M(256M) 1.607ms
[0.225s][info][gc] GC(15) Pause Young (Concurrent Start) (G1 Humongous Allocation) 176M->173M(256M) 0.641ms
[0.225s][info][gc] GC(16) Concurrent Cycle
[0.227s][info][gc] GC(16) Pause Remark 181M->180M(256M) 0.345ms
[0.228s][info][gc] GC(16) Pause Cleanup 184M->184M(256M) 0.062ms
[0.228s][info][gc] GC(16) Concurrent Cycle 2.790ms
[0.234s][info][gc] GC(17) Pause Young (Prepare Mixed) (G1 Evacuation Pause) 210M->181M(256M) 1.992ms
[0.237s][info][gc] GC(18) Pause Young (Mixed) (G1 Evacuation Pause) 190M->176M(256M) 1.822ms
[0.245s][info][gc] GC(19) Pause Young (Concurrent Start) (G1 Evacuation Pause) 216M->188M(256M) 1.629ms
[0.245s][info][gc] GC(20) Concurrent Cycle
[0.247s][info][gc] GC(20) Pause Remark 199M->199M(256M) 0.401ms
[0.248s][info][gc] GC(20) Pause Cleanup 201M->201M(256M) 0.083ms
[0.249s][info][gc] GC(20) Concurrent Cycle 3.694ms
[0.253s][info][gc] GC(21) Pause Young (Prepare Mixed) (G1 Evacuation Pause) 218M->196M(256M) 1.864ms
[0.258s][info][gc] GC(22) Pause Young (Mixed) (G1 Evacuation Pause) 212M->191M(256M) 3.083ms
[0.261s][info][gc] GC(23) Pause Young (Mixed) (G1 Evacuation Pause) 204M->197M(256M) 1.145ms
[0.262s][info][gc] GC(24) Pause Young (Concurrent Start) (G1 Humongous Allocation) 200M->197M(256M) 0.544ms
[0.262s][info][gc] GC(25) Concurrent Cycle
[0.265s][info][gc] GC(25) Pause Remark 209M->209M(256M) 0.366ms
[0.266s][info][gc] GC(25) Pause Cleanup 214M->214M(256M) 0.074ms
[0.266s][info][gc] GC(25) Concurrent Cycle 3.941ms
[0.268s][info][gc] GC(26) Pause Young (Prepare Mixed) (G1 Evacuation Pause) 221M->207M(256M) 1.541ms
[0.274s][info][gc] GC(27) Pause Young (Mixed) (G1 Evacuation Pause) 220M->202M(256M) 2.928ms
[0.277s][info][gc] GC(28) Pause Young (Mixed) (G1 Evacuation Pause) 219M->208M(256M) 1.362ms
[0.278s][info][gc] GC(29) Pause Young (Concurrent Start) (G1 Humongous Allocation) 209M->208M(256M) 0.549ms
[0.278s][info][gc] GC(30) Concurrent Cycle
[0.280s][info][gc] GC(30) Pause Remark 215M->215M(256M) 0.334ms
[0.281s][info][gc] GC(30) Pause Cleanup 217M->217M(256M) 0.075ms
[0.281s][info][gc] GC(30) Concurrent Cycle 2.884ms
[0.283s][info][gc] GC(31) Pause Young (Prepare Mixed) (G1 Evacuation Pause) 225M->215M(256M) 0.901ms
[0.288s][info][gc] GC(32) To-space exhausted
[0.289s][info][gc] GC(32) Pause Young (Mixed) (G1 Evacuation Pause) 233M->222M(256M) 2.941ms
[0.290s][info][gc] GC(33) Pause Young (Concurrent Start) (G1 Humongous Allocation) 223M->222M(256M) 0.615ms
[0.290s][info][gc] GC(34) Concurrent Cycle
[0.291s][info][gc] GC(34) Pause Remark 235M->235M(256M) 0.406ms
[0.292s][info][gc] GC(34) Pause Cleanup 241M->241M(256M) 0.076ms
[0.293s][info][gc] GC(34) Concurrent Cycle 2.985ms
[0.294s][info][gc] GC(35) Pause Young (Prepare Mixed) (G1 Evacuation Pause) 247M->234M(256M) 1.130ms
[0.298s][info][gc] GC(36) To-space exhausted
[0.298s][info][gc] GC(36) Pause Young (Mixed) (G1 Evacuation Pause) 255M->245M(256M) 0.554ms
[0.299s][info][gc] GC(37) Pause Young (Concurrent Start) (G1 Humongous Allocation) 248M->244M(256M) 0.420ms
[0.299s][info][gc] GC(38) Concurrent Cycle
[0.301s][info][gc] GC(38) Pause Remark 253M->253M(256M) 0.346ms
[0.302s][info][gc] GC(39) To-space exhausted
[0.302s][info][gc] GC(39) Pause Young (Normal) (G1 Evacuation Pause) 255M->253M(256M) 0.302ms
[0.302s][info][gc] GC(38) Pause Cleanup 255M->255M(256M) 0.080ms
[0.303s][info][gc] GC(40) To-space exhausted
[0.303s][info][gc] GC(40) Pause Young (Prepare Mixed) (G1 Evacuation Pause) 255M->255M(256M) 0.355ms
[0.318s][info][gc] GC(41) Pause Full (G1 Evacuation Pause) 255M->206M(256M) 15.463ms
[0.318s][info][gc] GC(38) Concurrent Cycle 19.203ms
[0.319s][info][gc] GC(42) Pause Young (Concurrent Start) (G1 Humongous Allocation) 208M->207M(256M) 0.342ms
[0.319s][info][gc] GC(43) Concurrent Cycle
[0.321s][info][gc] GC(43) Pause Remark 221M->221M(256M) 0.568ms
[0.323s][info][gc] GC(44) Pause Young (Normal) (G1 Evacuation Pause) 224M->216M(256M) 0.831ms
[0.323s][info][gc] GC(43) Pause Cleanup 217M->217M(256M) 0.102ms
[0.324s][info][gc] GC(43) Concurrent Cycle 4.672ms
[0.324s][info][gc] GC(45) Pause Young (Concurrent Start) (G1 Humongous Allocation) 218M->214M(256M) 0.614ms
[0.324s][info][gc] GC(46) Concurrent Cycle
[0.326s][info][gc] GC(46) Pause Remark 227M->227M(256M) 0.342ms
[0.327s][info][gc] GC(47) To-space exhausted
[0.327s][info][gc] GC(47) Pause Young (Normal) (G1 Evacuation Pause) 232M->227M(256M) 0.740ms
[0.328s][info][gc] GC(46) Pause Cleanup 229M->229M(256M) 0.079ms
[0.328s][info][gc] GC(46) Concurrent Cycle 3.629ms
[0.329s][info][gc] GC(48) To-space exhausted
[0.329s][info][gc] GC(48) Pause Young (Prepare Mixed) (G1 Evacuation Pause) 237M->233M(256M) 0.300ms
[0.330s][info][gc] GC(49) To-space exhausted
[0.330s][info][gc] GC(49) Pause Young (Mixed) (G1 Evacuation Pause) 237M->236M(256M) 0.295ms
[0.331s][info][gc] GC(50) To-space exhausted
[0.331s][info][gc] GC(50) Pause Young (Concurrent Start) (G1 Evacuation Pause) 237M->237M(256M) 0.275ms
[0.331s][info][gc] GC(52) Concurrent Cycle
[0.343s][info][gc] GC(51) Pause Full (G1 Evacuation Pause) 237M->215M(256M) 12.228ms
[0.343s][info][gc] GC(52) Concurrent Cycle 12.428ms
[0.345s][info][gc] GC(53) Pause Young (Concurrent Start) (G1 Humongous Allocation) 217M->215M(256M) 0.282ms
[0.345s][info][gc] GC(54) Concurrent Cycle
[0.346s][info][gc] GC(54) Pause Remark 226M->226M(256M) 0.346ms
[0.347s][info][gc] GC(54) Pause Cleanup 231M->231M(256M) 0.085ms
[0.347s][info][gc] GC(54) Concurrent Cycle 2.939ms
[0.348s][info][gc] GC(55) Pause Young (Concurrent Start) (G1 Humongous Allocation) 233M->219M(256M) 0.701ms
[0.348s][info][gc] GC(56) Concurrent Cycle
[0.350s][info][gc] GC(56) Pause Remark 226M->226M(256M) 0.344ms
[0.351s][info][gc] GC(56) Pause Cleanup 230M->230M(256M) 0.067ms
[0.351s][info][gc] GC(56) Concurrent Cycle 2.697ms
[0.352s][info][gc] GC(57) To-space exhausted
[0.352s][info][gc] GC(57) Pause Young (Prepare Mixed) (G1 Evacuation Pause) 234M->227M(256M) 0.737ms
[0.354s][info][gc] GC(58) To-space exhausted
[0.354s][info][gc] GC(58) Pause Young (Mixed) (G1 Evacuation Pause) 237M->235M(256M) 0.324ms
[0.355s][info][gc] GC(59) To-space exhausted
[0.355s][info][gc] GC(59) Pause Young (Concurrent Start) (G1 Humongous Allocation) 237M->236M(256M) 0.287ms
[0.355s][info][gc] GC(60) Concurrent Cycle
[0.355s][info][gc] GC(61) Pause Young (Normal) (G1 Evacuation Pause) 237M->236M(256M) 0.192ms
[0.355s][info][gc] GC(62) To-space exhausted
[0.355s][info][gc] GC(62) Pause Young (Normal) (G1 Evacuation Pause) 237M->236M(256M) 0.219ms
[0.356s][info][gc] GC(63) To-space exhausted
[0.356s][info][gc] GC(63) Pause Young (Normal) (G1 Evacuation Pause) 236M->236M(256M) 0.219ms
[0.370s][info][gc] GC(64) Pause Full (G1 Evacuation Pause) 236M->220M(256M) 13.769ms
[0.370s][info][gc] GC(60) Concurrent Cycle 15.116ms
[0.370s][info][gc] GC(65) Pause Young (Concurrent Start) (G1 Humongous Allocation) 221M->220M(256M) 0.270ms
[0.370s][info][gc] GC(66) Concurrent Cycle
[0.372s][info][gc] GC(66) Pause Remark 230M->230M(256M) 0.337ms
[0.373s][info][gc] GC(67) To-space exhausted
[0.373s][info][gc] GC(67) Pause Young (Normal) (G1 Evacuation Pause) 235M->231M(256M) 0.283ms
[0.373s][info][gc] GC(66) Pause Cleanup 233M->233M(256M) 0.069ms
[0.373s][info][gc] GC(66) Concurrent Cycle 3.063ms
[0.374s][info][gc] GC(68) To-space exhausted
[0.374s][info][gc] GC(68) Pause Young (Prepare Mixed) (G1 Evacuation Pause) 235M->233M(256M) 0.240ms
[0.374s][info][gc] GC(69) To-space exhausted
[0.375s][info][gc] GC(69) Pause Young (Mixed) (G1 Evacuation Pause) 235M->235M(256M) 0.250ms
[0.383s][info][gc] GC(70) Pause Full (G1 Evacuation Pause) 235M->226M(256M) 8.428ms
[0.384s][info][gc] GC(71) Pause Young (Concurrent Start) (G1 Humongous Allocation) 227M->227M(256M) 0.249ms
[0.384s][info][gc] GC(72) Concurrent Cycle
[0.385s][info][gc] GC(73) To-space exhausted
[0.385s][info][gc] GC(73) Pause Young (Normal) (G1 Evacuation Pause) 236M->234M(256M) 0.254ms
[0.386s][info][gc] GC(72) Pause Remark 235M->234M(256M) 0.335ms
[0.386s][info][gc] GC(74) To-space exhausted
[0.386s][info][gc] GC(74) Pause Young (Normal) (G1 Evacuation Pause) 236M->236M(256M) 0.223ms
[0.394s][info][gc] GC(75) Pause Full (G1 Evacuation Pause) 236M->230M(256M) 7.032ms
[0.394s][info][gc] GC(72) Concurrent Cycle 9.945ms
[0.395s][info][gc] GC(76) Pause Young (Concurrent Start) (G1 Humongous Allocation) 235M->231M(256M) 0.364ms
[0.395s][info][gc] GC(77) Concurrent Cycle
[0.396s][info][gc] GC(78) To-space exhausted
[0.396s][info][gc] GC(78) Pause Young (Normal) (G1 Evacuation Pause) 236M->235M(256M) 0.204ms
[0.396s][info][gc] GC(79) To-space exhausted
[0.396s][info][gc] GC(79) Pause Young (Normal) (G1 Evacuation Pause) 236M->236M(256M) 0.201ms
[0.405s][info][gc] GC(80) Pause Full (G1 Evacuation Pause) 236M->231M(256M) 8.387ms
[0.405s][info][gc] GC(77) Concurrent Cycle 9.814ms
[0.405s][info][gc] GC(81) Pause Young (Concurrent Start) (G1 Humongous Allocation) 232M->231M(256M) 0.265ms
[0.405s][info][gc] GC(82) Concurrent Cycle
[0.407s][info][gc] GC(82) Pause Remark 236M->235M(256M) 0.313ms
[0.407s][info][gc] GC(83) To-space exhausted
[0.407s][info][gc] GC(83) Pause Young (Normal) (G1 Humongous Allocation) 236M->236M(256M) 0.318ms
[0.412s][info][gc] GC(84) Pause Full (G1 Humongous Allocation) 236M->232M(256M) 5.060ms
[0.413s][info][gc] GC(82) Concurrent Cycle 7.184ms
[0.413s][info][gc] GC(85) Pause Young (Concurrent Start) (G1 Humongous Allocation) 234M->233M(256M) 0.265ms
[0.413s][info][gc] GC(86) Concurrent Cycle
[0.414s][info][gc] GC(87) To-space exhausted
[0.414s][info][gc] GC(87) Pause Young (Normal) (G1 Evacuation Pause) 238M->238M(256M) 0.203ms
[0.421s][info][gc] GC(88) Pause Full (G1 Evacuation Pause) 238M->235M(256M) 6.662ms
[0.421s][info][gc] GC(86) Concurrent Cycle 7.724ms
[0.422s][info][gc] GC(89) To-space exhausted
[0.422s][info][gc] GC(89) Pause Young (Normal) (G1 Evacuation Pause) 239M->238M(256M) 0.239ms
[0.422s][info][gc] GC(90) To-space exhausted
[0.422s][info][gc] GC(90) Pause Young (Concurrent Start) (G1 Humongous Allocation) 238M->238M(256M) 0.234ms
[0.423s][info][gc] GC(91) Concurrent Cycle
[0.423s][info][gc] GC(92) Pause Young (Normal) (G1 Humongous Allocation) 238M->238M(256M) 0.730ms
[0.429s][info][gc] GC(93) Pause Full (G1 Humongous Allocation) 238M->235M(256M) 6.019ms
[0.429s][info][gc] GC(91) Concurrent Cycle 6.956ms
[0.430s][info][gc] GC(94) Pause Young (Concurrent Start) (G1 Humongous Allocation) 236M->236M(256M) 0.246ms
[0.430s][info][gc] GC(95) Concurrent Cycle
[0.431s][info][gc] GC(96) To-space exhausted
[0.431s][info][gc] GC(96) Pause Young (Normal) (G1 Humongous Allocation) 239M->238M(256M) 0.212ms
[0.431s][info][gc] GC(97) Pause Young (Normal) (G1 Evacuation Pause) 239M->238M(256M) 0.142ms
[0.431s][info][gc] GC(98) Pause Young (Normal) (G1 Humongous Allocation) 238M->238M(256M) 0.151ms
[0.431s][info][gc] GC(99) Pause Young (Normal) (G1 Evacuation Pause) 239M->239M(256M) 0.138ms
[0.438s][info][gc] GC(100) Pause Full (G1 Evacuation Pause) 239M->236M(256M) 5.992ms
[0.438s][info][gc] GC(95) Concurrent Cycle 7.779ms
[0.438s][info][gc] GC(101) Pause Young (Concurrent Start) (G1 Humongous Allocation) 238M->237M(256M) 0.283ms
[0.438s][info][gc] GC(102) Concurrent Cycle
[0.439s][info][gc] GC(103) To-space exhausted
[0.439s][info][gc] GC(103) Pause Young (Normal) (G1 Evacuation Pause) 242M->241M(256M) 0.313ms
[0.440s][info][gc] GC(104) To-space exhausted
[0.440s][info][gc] GC(104) Pause Young (Normal) (G1 Evacuation Pause) 242M->242M(256M) 0.177ms
[0.445s][info][gc] GC(105) Pause Full (G1 Evacuation Pause) 242M->240M(256M) 4.756ms
[0.445s][info][gc] GC(102) Concurrent Cycle 6.234ms
[0.445s][info][gc] GC(106) To-space exhausted
[0.445s][info][gc] GC(106) Pause Young (Concurrent Start) (G1 Humongous Allocation) 241M->241M(256M) 0.285ms
[0.445s][info][gc] GC(107) Concurrent Cycle
[0.446s][info][gc] GC(108) Pause Young (Normal) (G1 Humongous Allocation) 241M->241M(256M) 0.263ms
[0.452s][info][gc] GC(109) Pause Full (G1 Humongous Allocation) 241M->239M(256M) 5.842ms
[0.452s][info][gc] GC(107) Concurrent Cycle 6.330ms
[0.452s][info][gc] GC(110) Pause Young (Concurrent Start) (G1 Humongous Allocation) 240M->239M(256M) 0.311ms
[0.452s][info][gc] GC(111) Concurrent Cycle
[0.452s][info][gc] GC(112) To-space exhausted
[0.452s][info][gc] GC(112) Pause Young (Normal) (G1 Evacuation Pause) 241M->240M(256M) 0.167ms
[0.453s][info][gc] GC(113) To-space exhausted
[0.453s][info][gc] GC(113) Pause Young (Normal) (G1 Evacuation Pause) 241M->241M(256M) 0.154ms
[0.455s][info][gc] GC(114) Pause Full (G1 Evacuation Pause) 241M->239M(256M) 1.874ms
[0.455s][info][gc] GC(111) Concurrent Cycle 2.820ms
[0.455s][info][gc] GC(115) To-space exhausted
[0.455s][info][gc] GC(115) Pause Young (Normal) (G1 Evacuation Pause) 241M->241M(256M) 0.215ms
[0.458s][info][gc] GC(116) Pause Full (G1 Evacuation Pause) 241M->240M(256M) 2.899ms
[0.459s][info][gc] GC(117) To-space exhausted
[0.459s][info][gc] GC(117) Pause Young (Concurrent Start) (G1 Evacuation Pause) 241M->241M(256M) 0.257ms
[0.459s][info][gc] GC(119) Concurrent Cycle
[0.464s][info][gc] GC(118) Pause Full (G1 Evacuation Pause) 241M->240M(256M) 4.834ms
[0.464s][info][gc] GC(119) Concurrent Cycle 4.963ms
[0.464s][info][gc] GC(120) To-space exhausted
[0.464s][info][gc] GC(120) Pause Young (Normal) (G1 Evacuation Pause) 241M->241M(256M) 0.215ms
[0.470s][info][gc] GC(121) Pause Full (G1 Evacuation Pause) 241M->240M(256M) 5.248ms
[0.470s][info][gc] GC(122) Pause Young (Concurrent Start) (G1 Humongous Allocation) 241M->241M(256M) 0.247ms
[0.470s][info][gc] GC(123) Concurrent Cycle
[0.471s][info][gc] GC(124) To-space exhausted
[0.471s][info][gc] GC(124) Pause Young (Normal) (G1 Evacuation Pause) 242M->241M(256M) 0.175ms
[0.471s][info][gc] GC(125) To-space exhausted
[0.471s][info][gc] GC(125) Pause Young (Normal) (G1 Humongous Allocation) 241M->241M(256M) 0.160ms
[0.474s][info][gc] GC(126) Pause Full (G1 Humongous Allocation) 241M->241M(256M) 3.064ms
[0.474s][info][gc] GC(123) Concurrent Cycle 3.936ms
[0.474s][info][gc] GC(127) Pause Young (Normal) (G1 Evacuation Pause) 242M->241M(256M) 0.151ms
[0.475s][info][gc] GC(128) Pause Young (Concurrent Start) (G1 Humongous Allocation) 241M->241M(256M) 0.209ms
[0.475s][info][gc] GC(129) Concurrent Cycle
[0.475s][info][gc] GC(130) Pause Young (Normal) (G1 Evacuation Pause) 242M->242M(256M) 0.237ms
[0.482s][info][gc] GC(131) Pause Full (G1 Evacuation Pause) 242M->242M(256M) 6.539ms
[0.482s][info][gc] GC(129) Concurrent Cycle 6.982ms
[0.482s][info][gc] GC(132) To-space exhausted
[0.482s][info][gc] GC(132) Pause Young (Concurrent Start) (G1 Humongous Allocation) 242M->242M(256M) 0.287ms
[0.482s][info][gc] GC(133) Concurrent Cycle
[0.482s][info][gc] GC(134) Pause Young (Normal) (G1 Humongous Allocation) 242M->242M(256M) 0.179ms
[0.486s][info][gc] GC(135) Pause Full (G1 Humongous Allocation) 242M->242M(256M) 3.453ms
[0.486s][info][gc] GC(133) Concurrent Cycle 3.877ms
[0.487s][info][gc] GC(136) To-space exhausted
[0.487s][info][gc] GC(136) Pause Young (Concurrent Start) (G1 Humongous Allocation) 243M->243M(256M) 0.268ms
[0.487s][info][gc] GC(137) Concurrent Cycle
[0.487s][info][gc] GC(138) Pause Young (Normal) (G1 Humongous Allocation) 243M->243M(256M) 0.270ms
[0.490s][info][gc] GC(139) Pause Full (G1 Humongous Allocation) 243M->243M(256M) 2.592ms
[0.490s][info][gc] GC(137) Concurrent Cycle 3.036ms
[0.490s][info][gc] GC(140) Pause Young (Normal) (G1 Evacuation Pause) 244M->244M(256M) 0.173ms
[0.496s][info][gc] GC(141) Pause Full (G1 Evacuation Pause) 244M->243M(256M) 6.226ms
[0.497s][info][gc] GC(142) To-space exhausted
[0.497s][info][gc] GC(142) Pause Young (Concurrent Start) (G1 Humongous Allocation) 244M->244M(256M) 0.289ms
[0.497s][info][gc] GC(143) Concurrent Cycle
[0.497s][info][gc] GC(144) Pause Young (Normal) (G1 Humongous Allocation) 244M->244M(256M) 0.277ms
[0.500s][info][gc] GC(145) Pause Full (G1 Humongous Allocation) 244M->243M(256M) 2.969ms
[0.500s][info][gc] GC(143) Concurrent Cycle 3.415ms
[0.500s][info][gc] GC(146) Pause Young (Normal) (G1 Evacuation Pause) 244M->243M(256M) 0.150ms
[0.501s][info][gc] GC(147) To-space exhausted
[0.501s][info][gc] GC(147) Pause Young (Concurrent Start) (G1 Evacuation Pause) 244M->244M(256M) 0.230ms
[0.501s][info][gc] GC(149) Concurrent Cycle
[0.504s][info][gc] GC(148) Pause Full (G1 Evacuation Pause) 244M->243M(256M) 3.331ms
[0.504s][info][gc] GC(149) Concurrent Cycle 3.435ms
[0.505s][info][gc] GC(150) To-space exhausted
[0.505s][info][gc] GC(150) Pause Young (Concurrent Start) (G1 Humongous Allocation) 244M->244M(256M) 0.267ms
[0.505s][info][gc] GC(151) Concurrent Cycle
[0.505s][info][gc] GC(152) Pause Young (Normal) (G1 Humongous Allocation) 244M->244M(256M) 0.233ms
[0.509s][info][gc] GC(153) Pause Full (G1 Humongous Allocation) 244M->244M(256M) 3.608ms
[0.509s][info][gc] GC(151) Concurrent Cycle 4.015ms
[0.509s][info][gc] GC(154) Pause Young (Normal) (G1 Evacuation Pause) 245M->244M(256M) 0.184ms
[0.509s][info][gc] GC(155) To-space exhausted
[0.509s][info][gc] GC(155) Pause Young (Concurrent Start) (G1 Evacuation Pause) 245M->245M(256M) 0.243ms
[0.509s][info][gc] GC(157) Concurrent Cycle
[0.513s][info][gc] GC(156) Pause Full (G1 Evacuation Pause) 245M->244M(256M) 3.089ms
[0.515s][info][gc] GC(158) Pause Full (G1 Evacuation Pause) 244M->244M(256M) 2.662ms
[0.515s][info][gc] GC(157) Concurrent Cycle 5.937ms
[0.516s][info][gc] GC(159) To-space exhausted
[0.516s][info][gc] GC(159) Pause Young (Normal) (G1 Evacuation Pause) 245M->245M(256M) 0.219ms
[0.518s][info][gc] GC(160) Pause Full (G1 Evacuation Pause) 245M->243M(256M) 1.865ms
[0.518s][info][gc] GC(161) To-space exhausted
[0.518s][info][gc] GC(161) Pause Young (Concurrent Start) (G1 Evacuation Pause) 244M->244M(256M) 0.244ms
[0.518s][info][gc] GC(163) Concurrent Cycle
[0.521s][info][gc] GC(162) Pause Full (G1 Evacuation Pause) 244M->243M(256M) 2.842ms
[0.521s][info][gc] GC(163) Concurrent Cycle 2.949ms
[0.521s][info][gc] GC(164) To-space exhausted
[0.522s][info][gc] GC(164) Pause Young (Normal) (G1 Evacuation Pause) 244M->244M(256M) 0.192ms
[0.525s][info][gc] GC(165) Pause Full (G1 Evacuation Pause) 244M->243M(256M) 3.127ms
[0.525s][info][gc] GC(166) To-space exhausted
[0.525s][info][gc] GC(166) Pause Young (Concurrent Start) (G1 Humongous Allocation) 244M->244M(256M) 0.413ms
[0.525s][info][gc] GC(167) Concurrent Cycle
[0.526s][info][gc] GC(168) Pause Young (Normal) (G1 Humongous Allocation) 244M->244M(256M) 0.259ms
[0.528s][info][gc] GC(169) Pause Full (G1 Humongous Allocation) 244M->244M(256M) 2.432ms
[0.528s][info][gc] GC(167) Concurrent Cycle 2.862ms
[0.528s][info][gc] GC(170) Pause Young (Normal) (G1 Evacuation Pause) 245M->244M(256M) 0.148ms
[0.529s][info][gc] GC(171) To-space exhausted
[0.529s][info][gc] GC(171) Pause Young (Concurrent Start) (G1 Humongous Allocation) 244M->244M(256M) 0.236ms
[0.529s][info][gc] GC(172) Concurrent Cycle
[0.529s][info][gc] GC(173) Pause Young (Normal) (G1 Humongous Allocation) 244M->244M(256M) 0.272ms
[0.532s][info][gc] GC(174) Pause Full (G1 Humongous Allocation) 244M->243M(256M) 2.860ms
[0.532s][info][gc] GC(172) Concurrent Cycle 3.304ms
[0.532s][info][gc] GC(175) Pause Young (Normal) (G1 Evacuation Pause) 244M->244M(256M) 0.159ms
[0.536s][info][gc] GC(176) Pause Full (G1 Evacuation Pause) 244M->244M(256M) 3.925ms
[0.537s][info][gc] GC(177) To-space exhausted
[0.537s][info][gc] GC(177) Pause Young (Concurrent Start) (G1 Humongous Allocation) 246M->245M(256M) 0.278ms
[0.537s][info][gc] GC(178) Concurrent Cycle
[0.537s][info][gc] GC(179) Pause Young (Normal) (G1 Evacuation Pause) 246M->246M(256M) 0.131ms
[0.540s][info][gc] GC(180) Pause Full (G1 Evacuation Pause) 246M->245M(256M) 2.580ms
[0.540s][info][gc] GC(178) Concurrent Cycle 2.969ms
[0.541s][info][gc] GC(181) To-space exhausted
[0.541s][info][gc] GC(181) Pause Young (Normal) (G1 Evacuation Pause) 246M->246M(256M) 0.200ms
[0.543s][info][gc] GC(182) Pause Full (G1 Evacuation Pause) 246M->245M(256M) 2.757ms
[0.544s][info][gc] GC(183) To-space exhausted
[0.544s][info][gc] GC(183) Pause Young (Concurrent Start) (G1 Evacuation Pause) 246M->246M(256M) 0.246ms
[0.544s][info][gc] GC(185) Concurrent Cycle
[0.546s][info][gc] GC(184) Pause Full (G1 Evacuation Pause) 246M->245M(256M) 2.497ms
[0.550s][info][gc] GC(186) Pause Full (G1 Evacuation Pause) 245M->245M(256M) 3.478ms
[0.550s][info][gc] GC(185) Concurrent Cycle 6.162ms
[0.550s][info][gc] GC(187) Pause Young (Normal) (G1 Evacuation Pause) 245M->245M(256M) 0.188ms
[0.552s][info][gc] GC(188) Pause Full (G1 Evacuation Pause) 245M->0M(256M) 1.400ms
