[0.004s][info][gc] Using Serial
[0.086s][info][gc] GC(0) Pause Young (Allocation Failure) 33M->15M(123M) 5.097ms
[0.099s][info][gc] GC(1) Pause Young (Allocation Failure) 49M->30M(123M) 5.611ms
[0.111s][info][gc] GC(2) Pause Young (Allocation Failure) 64M->42M(123M) 4.164ms
[0.122s][info][gc] GC(3) Pause Young (Allocation Failure) 76M->53M(123M) 4.401ms
[0.132s][info][gc] GC(4) Pause Young (Allocation Failure) 87M->65M(123M) 3.906ms
[0.142s][info][gc] GC(5) Pause Young (Allocation Failure) 100M->76M(123M) 3.546ms
[0.161s][info][gc] GC(7) Pause Full (Allocation Failure) 111M->83M(123M) 13.770ms
[0.161s][info][gc] GC(6) Pause Young (Allocation Failure) 111M->83M(123M) 13.878ms
[0.178s][info][gc] GC(9) Pause Full (Allocation Failure) 116M->91M(123M) 9.907ms
[0.178s][info][gc] GC(8) Pause Young (Allocation Failure) 116M->91M(123M) 10.011ms
[0.196s][info][gc] GC(10) Pause Full (Allocation Failure) 123M->101M(123M) 13.291ms
[0.217s][info][gc] GC(11) Pause Full (Allocation Failure) 122M->102M(123M) 17.503ms
[0.225s][info][gc] GC(12) Pause Full (Allocation Failure) 122M->108M(123M) 5.096ms
[0.232s][info][gc] GC(13) Pause Full (Allocation Failure) 123M->113M(123M) 4.276ms
[0.239s][info][gc] GC(14) Pause Full (Allocation Failure) 123M->117M(123M) 4.722ms
[0.257s][info][gc] GC(15) Pause Full (Allocation Failure) 123M->116M(123M) 16.836ms
[0.262s][info][gc] GC(16) Pause Full (Allocation Failure) 123M->118M(123M) 4.318ms
[0.268s][info][gc] GC(17) Pause Full (Allocation Failure) 123M->121M(123M) 5.550ms
[0.275s][info][gc] GC(18) Pause Full (Allocation Failure) 123M->122M(123M) 5.855ms
[0.292s][info][gc] GC(19) Pause Full (Allocation Failure) 123M->119M(123M) 16.789ms
[0.296s][info][gc] GC(20) Pause Full (Allocation Failure) 123M->120M(123M) 4.045ms
[0.299s][info][gc] GC(21) Pause Full (Allocation Failure) 123M->120M(123M) 2.057ms
[0.301s][info][gc] GC(22) Pause Full (Allocation Failure) 123M->121M(123M) 1.513ms
[0.311s][info][gc] GC(23) Pause Full (Allocation Failure) 123M->122M(123M) 10.279ms
[0.316s][info][gc] GC(24) Pause Full (Allocation Failure) 123M->122M(123M) 4.124ms
[0.318s][info][gc] GC(25) Pause Full (Allocation Failure) 123M->122M(123M) 1.758ms
[0.320s][info][gc] GC(26) Pause Full (Allocation Failure) 123M->122M(123M) 1.449ms
[0.335s][info][gc] GC(27) Pause Full (Allocation Failure) 123M->122M(123M) 14.758ms
[0.337s][info][gc] GC(28) Pause Full (Allocation Failure) 123M->122M(123M) 1.722ms
[0.339s][info][gc] GC(29) Pause Full (Allocation Failure) 123M->122M(123M) 1.474ms
[0.340s][info][gc] GC(30) Pause Full (Allocation Failure) 123M->123M(123M) 1.563ms
[0.358s][info][gc] GC(31) Pause Full (Allocation Failure) 123M->122M(123M) 17.308ms
[0.360s][info][gc] GC(32) Pause Full (Allocation Failure) 123M->122M(123M) 1.779ms
[0.362s][info][gc] GC(33) Pause Full (Allocation Failure) 123M->122M(123M) 1.610ms
[0.363s][info][gc] GC(34) Pause Full (Allocation Failure) 123M->123M(123M) 1.497ms
[0.373s][info][gc] GC(35) Pause Full (Allocation Failure) 123M->122M(123M) 10.073ms
[0.380s][info][gc] GC(36) Pause Full (Allocation Failure) 123M->122M(123M) 6.473ms
[0.382s][info][gc] GC(37) Pause Full (Allocation Failure) 123M->122M(123M) 1.782ms
[0.384s][info][gc] GC(38) Pause Full (Allocation Failure) 123M->122M(123M) 1.478ms
[0.394s][info][gc] GC(39) Pause Full (Allocation Failure) 123M->121M(123M) 9.729ms
[0.398s][info][gc] GC(40) Pause Full (Allocation Failure) 123M->122M(123M) 4.266ms
[0.401s][info][gc] GC(41) Pause Full (Allocation Failure) 123M->122M(123M) 2.221ms
[0.407s][info][gc] GC(42) Pause Full (Allocation Failure) 123M->122M(123M) 5.882ms
[0.409s][info][gc] GC(43) Pause Full (Allocation Failure) 123M->123M(123M) 1.720ms
[0.410s][info][gc] GC(44) Pause Full (Allocation Failure) 123M->123M(123M) 1.510ms
[0.413s][info][gc] GC(45) Pause Full (Allocation Failure) 123M->123M(123M) 2.362ms
[0.424s][info][gc] GC(46) Pause Full (Allocation Failure) 123M->123M(123M) 11.337ms
