[0.004s][info][gc] Using Serial
[0.129s][info][gc] GC(0) Pause Young (Allocation Failure) 136M->48M(494M) 14.257ms
[0.170s][info][gc] GC(1) Pause Young (Allocation Failure) 185M->94M(494M) 17.283ms
[0.211s][info][gc] GC(2) Pause Young (Allocation Failure) 230M->143M(494M) 17.790ms
[0.253s][info][gc] GC(3) Pause Young (Allocation Failure) 279M->192M(494M) 15.291ms
[0.293s][info][gc] GC(4) Pause Young (Allocation Failure) 329M->247M(494M) 16.710ms
[0.332s][info][gc] GC(5) Pause Young (Allocation Failure) 383M->293M(494M) 14.488ms
[0.369s][info][gc] GC(6) Pause Young (Allocation Failure) 429M->337M(494M) 14.205ms
[0.437s][info][gc] GC(8) Pause Full (Allocation Failure) 474M->263M(494M) 41.608ms
[0.437s][info][gc] GC(7) Pause Young (Allocation Failure) 474M->263M(494M) 41.711ms
[0.471s][info][gc] GC(9) Pause Young (Allocation Failure) 399M->310M(494M) 10.178ms
[0.542s][info][gc] GC(11) Pause Full (Allocation Failure) 446M->288M(494M) 48.206ms
[0.542s][info][gc] GC(10) Pause Young (Allocation Failure) 446M->288M(494M) 48.293ms
[0.578s][info][gc] GC(12) Pause Young (Allocation Failure) 424M->340M(494M) 11.372ms
[0.655s][info][gc] GC(14) Pause Full (Allocation Failure) 477M->313M(494M) 52.214ms
[0.655s][info][gc] GC(13) Pause Young (Allocation Failure) 477M->313M(494M) 52.301ms
[0.730s][info][gc] GC(16) Pause Full (Allocation Failure) 449M->308M(494M) 52.459ms
[0.730s][info][gc] GC(15) Pause Young (Allocation Failure) 449M->308M(494M) 52.567ms
[0.788s][info][gc] GC(18) Pause Full (Allocation Failure) 444M->319M(494M) 36.250ms
[0.788s][info][gc] GC(17) Pause Young (Allocation Failure) 444M->319M(494M) 36.355ms
[0.854s][info][gc] GC(20) Pause Full (Allocation Failure) 456M->318M(494M) 43.250ms
[0.854s][info][gc] GC(19) Pause Young (Allocation Failure) 456M->318M(494M) 43.352ms
[0.921s][info][gc] GC(22) Pause Full (Allocation Failure) 454M->322M(494M) 46.386ms
[0.921s][info][gc] GC(21) Pause Young (Allocation Failure) 454M->322M(494M) 46.487ms
[0.994s][info][gc] GC(24) Pause Full (Allocation Failure) 458M->311M(494M) 51.735ms
[0.994s][info][gc] GC(23) Pause Young (Allocation Failure) 458M->311M(494M) 51.847ms
[1.054s][info][gc] GC(26) Pause Full (Allocation Failure) 447M->324M(494M) 39.692ms
[1.054s][info][gc] GC(25) Pause Young (Allocation Failure) 447M->324M(494M) 39.793ms
