[0.004s][info][gc] Using Serial
[0.102s][info][gc] GC(0) Pause Young (Allocation Failure) 68M->25M(247M) 7.848ms
[0.124s][info][gc] GC(1) Pause Young (Allocation Failure) 93M->51M(247M) 8.988ms
[0.144s][info][gc] GC(2) Pause Young (Allocation Failure) 120M->78M(247M) 7.894ms
[0.162s][info][gc] GC(3) Pause Young (Allocation Failure) 147M->102M(247M) 7.303ms
[0.180s][info][gc] GC(4) Pause Young (Allocation Failure) 171M->129M(247M) 8.047ms
[0.199s][info][gc] GC(5) Pause Young (Allocation Failure) 197M->155M(247M) 7.648ms
[0.231s][info][gc] GC(7) Pause Full (Allocation Failure) 223M->157M(247M) 22.209ms
[0.231s][info][gc] GC(6) Pause Young (Allocation Failure) 223M->157M(247M) 22.327ms
[0.267s][info][gc] GC(9) Pause Full (Allocation Failure) 225M->175M(247M) 24.795ms
[0.267s][info][gc] GC(8) Pause Young (Allocation Failure) 225M->175M(247M) 24.907ms
[0.308s][info][gc] GC(10) Pause Full (Allocation Failure) 247M->193M(247M) 29.513ms
[0.349s][info][gc] GC(11) Pause Full (Allocation Failure) 247M->195M(247M) 32.960ms
[0.374s][info][gc] GC(12) Pause Full (Allocation Failure) 247M->206M(247M) 17.493ms
[0.400s][info][gc] GC(13) Pause Full (Allocation Failure) 246M->213M(247M) 19.194ms
[0.430s][info][gc] GC(14) Pause Full (Allocation Failure) 247M->219M(247M) 24.311ms
[0.470s][info][gc] GC(15) Pause Full (Allocation Failure) 246M->216M(247M) 35.849ms
[0.485s][info][gc] GC(16) Pause Full (Allocation Failure) 247M->227M(247M) 9.562ms
[0.498s][info][gc] GC(17) Pause Full (Allocation Failure) 247M->236M(247M) 10.706ms
[0.518s][info][gc] GC(18) Pause Full (Allocation Failure) 247M->235M(247M) 17.586ms
[0.556s][info][gc] GC(19) Pause Full (Allocation Failure) 246M->227M(247M) 35.966ms
[0.570s][info][gc] GC(20) Pause Full (Allocation Failure) 247M->233M(247M) 10.005ms
[0.579s][info][gc] GC(21) Pause Full (Allocation Failure) 247M->238M(247M) 7.437ms
[0.587s][info][gc] GC(22) Pause Full (Allocation Failure) 247M->241M(247M) 6.667ms
[0.624s][info][gc] GC(23) Pause Full (Allocation Failure) 247M->236M(247M) 36.220ms
[0.637s][info][gc] GC(24) Pause Full (Allocation Failure) 247M->241M(247M) 11.077ms
[0.648s][info][gc] GC(25) Pause Full (Allocation Failure) 247M->243M(247M) 10.708ms
[0.651s][info][gc] GC(26) Pause Full (Allocation Failure) 247M->246M(247M) 2.081ms
[0.685s][info][gc] GC(27) Pause Full (Allocation Failure) 247M->241M(247M) 34.000ms
[0.696s][info][gc] GC(28) Pause Full (Allocation Failure) 247M->243M(247M) 10.055ms
[0.708s][info][gc] GC(29) Pause Full (Allocation Failure) 247M->245M(247M) 10.934ms
[0.710s][info][gc] GC(30) Pause Full (Allocation Failure) 247M->245M(247M) 1.792ms
[0.745s][info][gc] GC(31) Pause Full (Allocation Failure) 247M->243M(247M) 33.781ms
[0.750s][info][gc] GC(32) Pause Full (Allocation Failure) 247M->245M(247M) 4.286ms
[0.756s][info][gc] GC(33) Pause Full (Allocation Failure) 247M->246M(247M) 5.519ms
[0.764s][info][gc] GC(34) Pause Full (Allocation Failure) 247M->246M(247M) 7.777ms
[0.797s][info][gc] GC(35) Pause Full (Allocation Failure) 246M->245M(247M) 33.226ms
[0.806s][info][gc] GC(36) Pause Full (Allocation Failure) 247M->245M(247M) 8.878ms
[0.808s][info][gc] GC(37) Pause Full (Allocation Failure) 247M->245M(247M) 1.832ms
[0.818s][info][gc] GC(38) Pause Full (Allocation Failure) 247M->245M(247M) 9.766ms
[0.853s][info][gc] GC(39) Pause Full (Allocation Failure) 247M->245M(247M) 33.750ms
[0.855s][info][gc] GC(40) Pause Full (Allocation Failure) 247M->246M(247M) 1.843ms
[0.857s][info][gc] GC(41) Pause Full (Allocation Failure) 247M->246M(247M) 2.225ms
[0.859s][info][gc] GC(42) Pause Full (Allocation Failure) 247M->247M(247M) 1.632ms
[0.880s][info][gc] GC(43) Pause Full (Allocation Failure) 247M->246M(247M) 21.313ms
[0.882s][info][gc] GC(44) Pause Full (Allocation Failure) 246M->246M(247M) 1.740ms
[0.900s][info][gc] GC(45) Pause Full (Allocation Failure) 246M->246M(247M) 17.403ms
[0.902s][info][gc] GC(46) Pause Full (Allocation Failure) 247M->246M(247M) 1.797ms
[0.903s][info][gc] GC(47) Pause Full (Allocation Failure) 246M->246M(247M) 1.502ms
[0.905s][info][gc] GC(48) Pause Full (Allocation Failure) 246M->246M(247M) 1.485ms
